Flow report for detector_bordas_top
Thu Aug  2 15:12:54 2018
Quartus II 64-Bit Version 15.0.0 Build 145 04/22/2015 SJ Web Edition


---------------------
; Table of Contents ;
---------------------
  1. Legal Notice
  2. Flow Summary
  3. Flow Settings
  4. Flow Non-Default Global Settings
  5. Flow Elapsed Time
  6. Flow OS Summary
  7. Flow Log
  8. Flow Messages
  9. Flow Suppressed Messages



----------------
; Legal Notice ;
----------------
Copyright (C) 1991-2015 Altera Corporation. All rights reserved.
Your use of Altera Corporation's design tools, logic functions 
and other software and tools, and its AMPP partner logic 
functions, and any output files from any of the foregoing 
(including device programming or simulation files), and any 
associated documentation or information are expressly subject 
to the terms and conditions of the Altera Program License 
Subscription Agreement, the Altera Quartus II License Agreement,
the Altera MegaCore Function License Agreement, or other 
applicable license agreement, including, without limitation, 
that your use is for the sole purpose of programming logic 
devices manufactured by Altera and sold by Altera or its 
authorized distributors.  Please refer to the applicable 
agreement for further details.



+---------------------------------------------------------------------------------+
; Flow Summary                                                                    ;
+------------------------------------+--------------------------------------------+
; Flow Status                        ; Successful - Thu Aug  2 15:12:54 2018      ;
; Quartus II 64-Bit Version          ; 15.0.0 Build 145 04/22/2015 SJ Web Edition ;
; Revision Name                      ; detector_bordas_top                        ;
; Top-level Entity Name              ; sobel_top                                  ;
; Family                             ; Cyclone IV E                               ;
; Device                             ; EP4CE30F23C7                               ;
; Timing Models                      ; Final                                      ;
; Total logic elements               ; 2,125 / 28,848 ( 7 % )                     ;
;     Total combinational functions  ; 1,987 / 28,848 ( 7 % )                     ;
;     Dedicated logic registers      ; 1,107 / 28,848 ( 4 % )                     ;
; Total registers                    ; 1107                                       ;
; Total pins                         ; 17 / 329 ( 5 % )                           ;
; Total virtual pins                 ; 0                                          ;
; Total memory bits                  ; 449,536 / 608,256 ( 74 % )                 ;
; Embedded Multiplier 9-bit elements ; 0 / 132 ( 0 % )                            ;
; Total PLLs                         ; 1 / 4 ( 25 % )                             ;
+------------------------------------+--------------------------------------------+


+-----------------------------------------+
; Flow Settings                           ;
+-------------------+---------------------+
; Option            ; Setting             ;
+-------------------+---------------------+
; Start date & time ; 08/02/2018 15:09:41 ;
; Main task         ; Compilation         ;
; Revision Name     ; detector_bordas_top ;
+-------------------+---------------------+


+----------------------------------------------------------------------------------------------------------------------------------------------------+
; Flow Non-Default Global Settings                                                                                                                   ;
+-------------------------------------+---------------------------------------------------------+---------------------+-------------+----------------+
; Assignment Name                     ; Value                                                   ; Default Value       ; Entity Name ; Section Id     ;
+-------------------------------------+---------------------------------------------------------+---------------------+-------------+----------------+
; COMPILER_SIGNATURE_ID               ; 127746969346454.153323338117677                         ; --                  ; --          ; --             ;
; EDA_OUTPUT_DATA_FORMAT              ; Verilog Hdl                                             ; --                  ; --          ; eda_simulation ;
; EDA_SIMULATION_TOOL                 ; ModelSim-Altera (Verilog)                               ; <None>              ; --          ; --             ;
; MAX_CORE_JUNCTION_TEMP              ; 85                                                      ; --                  ; --          ; --             ;
; MIN_CORE_JUNCTION_TEMP              ; 0                                                       ; --                  ; --          ; --             ;
; MISC_FILE                           ; nios0/nios0/synthesis/../nios0.cmp                      ; --                  ; --          ; --             ;
; MISC_FILE                           ; nios0/nios0/synthesis/../../nios0.qsys                  ; --                  ; --          ; --             ;
; MISC_FILE                           ; source/vga_mem_inst.v                                   ; --                  ; --          ; --             ;
; MISC_FILE                           ; source/vga_mem_bb.v                                     ; --                  ; --          ; --             ;
; MISC_FILE                           ; vga_pll_bb.v                                            ; --                  ; --          ; --             ;
; MISC_FILE                           ; vga_pll.ppf                                             ; --                  ; --          ; --             ;
; NOMINAL_CORE_SUPPLY_VOLTAGE         ; 1.2V                                                    ; --                  ; --          ; --             ;
; PARTITION_COLOR                     ; 16764057                                                ; --                  ; sobel_top   ; Top            ;
; PARTITION_FITTER_PRESERVATION_LEVEL ; PLACEMENT_AND_ROUTING                                   ; --                  ; sobel_top   ; Top            ;
; PARTITION_NETLIST_TYPE              ; SOURCE                                                  ; --                  ; sobel_top   ; Top            ;
; POWER_BOARD_THERMAL_MODEL           ; None (CONSERVATIVE)                                     ; --                  ; --          ; --             ;
; POWER_PRESET_COOLING_SOLUTION       ; 23 MM HEAT SINK WITH 200 LFPM AIRFLOW                   ; --                  ; --          ; --             ;
; PROJECT_OUTPUT_DIRECTORY            ; output_files                                            ; --                  ; --          ; --             ;
; SLD_FILE                            ; nios0/nios0/synthesis/nios0.regmap                      ; --                  ; --          ; --             ;
; SLD_FILE                            ; nios0/nios0/synthesis/nios0.debuginfo                   ; --                  ; --          ; --             ;
; SLD_INFO                            ; QSYS_NAME nios0 HAS_SOPCINFO 1 GENERATION_ID 1532994492 ; --                  ; nios0       ; --             ;
; SOPCINFO_FILE                       ; nios0/nios0/synthesis/../../nios0.sopcinfo              ; --                  ; --          ; --             ;
; SYNTHESIS_ONLY_QIP                  ; On                                                      ; --                  ; --          ; --             ;
; TOP_LEVEL_ENTITY                    ; sobel_top                                               ; detector_bordas_top ; --          ; --             ;
+-------------------------------------+---------------------------------------------------------+---------------------+-------------+----------------+


+-------------------------------------------------------------------------------------------------------------------------------+
; Flow Elapsed Time                                                                                                             ;
+---------------------------+--------------+-------------------------+---------------------+------------------------------------+
; Module Name               ; Elapsed Time ; Average Processors Used ; Peak Virtual Memory ; Total CPU Time (on all processors) ;
+---------------------------+--------------+-------------------------+---------------------+------------------------------------+
; Analysis & Synthesis      ; 00:00:51     ; 1.0                     ; 1145 MB             ; 00:01:33                           ;
; Fitter                    ; 00:01:30     ; 1.1                     ; 1276 MB             ; 00:01:29                           ;
; Assembler                 ; 00:00:04     ; 1.0                     ; 867 MB              ; 00:00:03                           ;
; TimeQuest Timing Analyzer ; 00:00:05     ; 1.0                     ; 957 MB              ; 00:00:05                           ;
; EDA Netlist Writer        ; 00:00:04     ; 1.0                     ; 1139 MB             ; 00:00:05                           ;
; Total                     ; 00:02:34     ; --                      ; --                  ; 00:03:15                           ;
+---------------------------+--------------+-------------------------+---------------------+------------------------------------+


+---------------------------------------------------------------------------------------------+
; Flow OS Summary                                                                             ;
+---------------------------+------------------+----------------+------------+----------------+
; Module Name               ; Machine Hostname ; OS Name        ; OS Version ; Processor type ;
+---------------------------+------------------+----------------+------------+----------------+
; Analysis & Synthesis      ; guiga-PC         ; Ubuntu 16.04.5 ; 16         ; x86_64         ;
; Fitter                    ; guiga-PC         ; Ubuntu 16.04.5 ; 16         ; x86_64         ;
; Assembler                 ; guiga-PC         ; Ubuntu 16.04.5 ; 16         ; x86_64         ;
; TimeQuest Timing Analyzer ; guiga-PC         ; Ubuntu 16.04.5 ; 16         ; x86_64         ;
; EDA Netlist Writer        ; guiga-PC         ; Ubuntu 16.04.5 ; 16         ; x86_64         ;
+---------------------------+------------------+----------------+------------+----------------+


------------
; Flow Log ;
------------
quartus_map --read_settings_files=on --write_settings_files=off detector_bordas -c detector_bordas_top
quartus_fit --read_settings_files=off --write_settings_files=off detector_bordas -c detector_bordas_top
quartus_asm --read_settings_files=off --write_settings_files=off detector_bordas -c detector_bordas_top
quartus_sta detector_bordas -c detector_bordas_top
quartus_eda --read_settings_files=off --write_settings_files=off detector_bordas -c detector_bordas_top



