Flow report for vga_controller
Wed Aug  8 16:45:31 2018
Quartus II 64-Bit Version 15.0.0 Build 145 04/22/2015 SJ Web Edition


---------------------
; Table of Contents ;
---------------------
  1. Legal Notice
  2. Flow Summary
  3. Flow Settings
  4. Flow Non-Default Global Settings
  5. Flow Elapsed Time
  6. Flow OS Summary
  7. Flow Log
  8. Flow Messages
  9. Flow Suppressed Messages



----------------
; Legal Notice ;
----------------
Copyright (C) 1991-2015 Altera Corporation. All rights reserved.
Your use of Altera Corporation's design tools, logic functions 
and other software and tools, and its AMPP partner logic 
functions, and any output files from any of the foregoing 
(including device programming or simulation files), and any 
associated documentation or information are expressly subject 
to the terms and conditions of the Altera Program License 
Subscription Agreement, the Altera Quartus II License Agreement,
the Altera MegaCore Function License Agreement, or other 
applicable license agreement, including, without limitation, 
that your use is for the sole purpose of programming logic 
devices manufactured by Altera and sold by Altera or its 
authorized distributors.  Please refer to the applicable 
agreement for further details.



+---------------------------------------------------------------------------------+
; Flow Summary                                                                    ;
+------------------------------------+--------------------------------------------+
; Flow Status                        ; Successful - Wed Aug  8 16:45:31 2018      ;
; Quartus II 64-Bit Version          ; 15.0.0 Build 145 04/22/2015 SJ Web Edition ;
; Revision Name                      ; vga_controller                             ;
; Top-level Entity Name              ; top_level                                  ;
; Family                             ; Cyclone IV E                               ;
; Device                             ; EP4CE30F23C7                               ;
; Timing Models                      ; Final                                      ;
; Total logic elements               ; 21,595 / 28,848 ( 75 % )                   ;
;     Total combinational functions  ; 13,317 / 28,848 ( 46 % )                   ;
;     Dedicated logic registers      ; 17,260 / 28,848 ( 60 % )                   ;
; Total registers                    ; 17260                                      ;
; Total pins                         ; 16 / 329 ( 5 % )                           ;
; Total virtual pins                 ; 0                                          ;
; Total memory bits                  ; 75,776 / 608,256 ( 12 % )                  ;
; Embedded Multiplier 9-bit elements ; 0 / 132 ( 0 % )                            ;
; Total PLLs                         ; 0 / 4 ( 0 % )                              ;
+------------------------------------+--------------------------------------------+


+-----------------------------------------+
; Flow Settings                           ;
+-------------------+---------------------+
; Option            ; Setting             ;
+-------------------+---------------------+
; Start date & time ; 08/08/2018 16:38:14 ;
; Main task         ; Compilation         ;
; Revision Name     ; vga_controller      ;
+-------------------+---------------------+


+----------------------------------------------------------------------------------------------------------------------------------------------+
; Flow Non-Default Global Settings                                                                                                             ;
+-------------------------------------+--------------------------------------------------------+----------------+-------------+----------------+
; Assignment Name                     ; Value                                                  ; Default Value  ; Entity Name ; Section Id     ;
+-------------------------------------+--------------------------------------------------------+----------------+-------------+----------------+
; COMPILER_SIGNATURE_ID               ; 127746969346454.153375709307202                        ; --             ; --          ; --             ;
; EDA_OUTPUT_DATA_FORMAT              ; Verilog Hdl                                            ; --             ; --          ; eda_simulation ;
; EDA_SIMULATION_TOOL                 ; ModelSim-Altera (Verilog)                              ; <None>         ; --          ; --             ;
; MAX_CORE_JUNCTION_TEMP              ; 85                                                     ; --             ; --          ; --             ;
; MIN_CORE_JUNCTION_TEMP              ; 0                                                      ; --             ; --          ; --             ;
; MISC_FILE                           ; nios/synthesis/../nios.cmp                             ; --             ; --          ; --             ;
; MISC_FILE                           ; nios/synthesis/../../nios.qsys                         ; --             ; --          ; --             ;
; NOMINAL_CORE_SUPPLY_VOLTAGE         ; 1.2V                                                   ; --             ; --          ; --             ;
; PARTITION_COLOR                     ; 16764057                                               ; --             ; top_level   ; Top            ;
; PARTITION_FITTER_PRESERVATION_LEVEL ; PLACEMENT_AND_ROUTING                                  ; --             ; top_level   ; Top            ;
; PARTITION_NETLIST_TYPE              ; SOURCE                                                 ; --             ; top_level   ; Top            ;
; POWER_BOARD_THERMAL_MODEL           ; None (CONSERVATIVE)                                    ; --             ; --          ; --             ;
; POWER_PRESET_COOLING_SOLUTION       ; 23 MM HEAT SINK WITH 200 LFPM AIRFLOW                  ; --             ; --          ; --             ;
; PROJECT_OUTPUT_DIRECTORY            ; output_files                                           ; --             ; --          ; --             ;
; SLD_FILE                            ; nios/synthesis/nios.regmap                             ; --             ; --          ; --             ;
; SLD_FILE                            ; nios/synthesis/nios.debuginfo                          ; --             ; --          ; --             ;
; SLD_INFO                            ; QSYS_NAME nios HAS_SOPCINFO 1 GENERATION_ID 1533757062 ; --             ; nios        ; --             ;
; SOPCINFO_FILE                       ; nios/synthesis/../../nios.sopcinfo                     ; --             ; --          ; --             ;
; SYNTHESIS_ONLY_QIP                  ; On                                                     ; --             ; --          ; --             ;
; TOP_LEVEL_ENTITY                    ; top_level                                              ; vga_controller ; --          ; --             ;
+-------------------------------------+--------------------------------------------------------+----------------+-------------+----------------+


+-------------------------------------------------------------------------------------------------------------------------------+
; Flow Elapsed Time                                                                                                             ;
+---------------------------+--------------+-------------------------+---------------------+------------------------------------+
; Module Name               ; Elapsed Time ; Average Processors Used ; Peak Virtual Memory ; Total CPU Time (on all processors) ;
+---------------------------+--------------+-------------------------+---------------------+------------------------------------+
; Analysis & Synthesis      ; 00:02:19     ; 1.0                     ; 1434 MB             ; 00:03:05                           ;
; Fitter                    ; 00:02:15     ; 1.4                     ; 1479 MB             ; 00:03:00                           ;
; Assembler                 ; 00:00:05     ; 1.0                     ; 922 MB              ; 00:00:05                           ;
; TimeQuest Timing Analyzer ; 00:00:13     ; 1.2                     ; 1119 MB             ; 00:00:16                           ;
; EDA Netlist Writer        ; 00:00:30     ; 1.0                     ; 1268 MB             ; 00:00:30                           ;
; Total                     ; 00:05:22     ; --                      ; --                  ; 00:06:56                           ;
+---------------------------+--------------+-------------------------+---------------------+------------------------------------+


+---------------------------------------------------------------------------------------------+
; Flow OS Summary                                                                             ;
+---------------------------+------------------+----------------+------------+----------------+
; Module Name               ; Machine Hostname ; OS Name        ; OS Version ; Processor type ;
+---------------------------+------------------+----------------+------------+----------------+
; Analysis & Synthesis      ; guiga-PC         ; Ubuntu 16.04.5 ; 16         ; x86_64         ;
; Fitter                    ; guiga-PC         ; Ubuntu 16.04.5 ; 16         ; x86_64         ;
; Assembler                 ; guiga-PC         ; Ubuntu 16.04.5 ; 16         ; x86_64         ;
; TimeQuest Timing Analyzer ; guiga-PC         ; Ubuntu 16.04.5 ; 16         ; x86_64         ;
; EDA Netlist Writer        ; guiga-PC         ; Ubuntu 16.04.5 ; 16         ; x86_64         ;
+---------------------------+------------------+----------------+------------+----------------+


------------
; Flow Log ;
------------
quartus_map --read_settings_files=on --write_settings_files=off vga_controller -c vga_controller
quartus_fit --read_settings_files=off --write_settings_files=off vga_controller -c vga_controller
quartus_asm --read_settings_files=off --write_settings_files=off vga_controller -c vga_controller
quartus_sta vga_controller -c vga_controller
quartus_eda --read_settings_files=off --write_settings_files=off vga_controller -c vga_controller



